// Jest Snapshot v1, https://goo.gl/fbAQLP

exports[`action works 1`] = `
Object {
  "formatted_name": "2021-fall",
  "image": "playlist-2021-fall.png",
  "name": "2021 Fall",
  "tracks": Array [
    Object {
      "album": "one hand on the steering wheel the other sewing a garden",
      "artist": "Ada Lea",
      "name": "can't stop me from dying",
    },
    Object {
      "album": "No Shadow",
      "artist": "Hyd",
      "name": "No Shadow",
    },
    Object {
      "album": "Trip To Japan",
      "artist": "The Shacks",
      "name": "Trip To Japan",
    },
    Object {
      "album": "Keeper",
      "artist": "Hana Vu",
      "name": "Maker",
    },
    Object {
      "album": "Doomin' Sun",
      "artist": "Bachelor, Jay Som, Palehound",
      "name": "Anything at All",
    },
    Object {
      "album": "Would You Mind Please Pulling Me Close?",
      "artist": "Tasha",
      "name": "Would You Mind Please Pulling Me Close?",
    },
    Object {
      "album": "Genesis",
      "artist": "Spencer.",
      "name": "Genesis",
    },
    Object {
      "album": "Old Peel",
      "artist": "Aldous Harding",
      "name": "Old Peel",
    },
    Object {
      "album": "Everybody's Birthday",
      "artist": "Hana Vu",
      "name": "Everybody's Birthday",
    },
    Object {
      "album": "The Baby",
      "artist": "Samia",
      "name": "Big Wheel",
    },
    Object {
      "album": "-io",
      "artist": "Circuit des Yeux",
      "name": "Dogma",
    },
    Object {
      "album": "private LIFE",
      "artist": "Virginia Wing",
      "name": "I'm Holding Out For Something",
    },
    Object {
      "album": "Blue Weekend",
      "artist": "Wolf Alice",
      "name": "Delicious Things",
    },
    Object {
      "album": "Bottle Episode",
      "artist": "Mandy, Indiana",
      "name": "Bottle Episode",
    },
    Object {
      "album": "The Gaping Mouth",
      "artist": "Lowertown",
      "name": "The Gaping Mouth",
    },
    Object {
      "album": "Fantasize Your Ghost",
      "artist": "Ohmme",
      "name": "3 2 4 3",
    },
    Object {
      "album": "You Think It's Like This But Really It's Like This",
      "artist": "Mirah",
      "name": "Of Pressure",
    },
    Object {
      "album": "When the Sun Comes Up",
      "artist": "Greta Morgan",
      "name": "When the Sun Comes Up",
    },
    Object {
      "album": "Ceremony",
      "artist": "Anna von Hausswolff",
      "name": "Mountains Crave",
    },
  ],
  "url": "https://open.spotify.com/playlist/2YnPs9UNBkJpswmsRNwQ1o",
}
`;
